// Jest Snapshot v1, https://goo.gl/fbAQLP

exports[`AlertModal Component renders as expected 1`] = `ShallowWrapper {}`;
