// Jest Snapshot v1, https://goo.gl/fbAQLP

exports[`MovesList Component renders as espected 1`] = `ShallowWrapper {}`;
