// Jest Snapshot v1, https://goo.gl/fbAQLP

exports[`MasterGame Component renders as espected 1`] = `ShallowWrapper {}`;
