// Jest Snapshot v1, https://goo.gl/fbAQLP

exports[`Square Component renders as expected 1`] = `ShallowWrapper {}`;
