// Jest Snapshot v1, https://goo.gl/fbAQLP

exports[`Header Component renders as espected 1`] = `ShallowWrapper {}`;
