// Jest Snapshot v1, https://goo.gl/fbAQLP

exports[`GameModeButton Component renders as espected 1`] = `ShallowWrapper {}`;
