// Jest Snapshot v1, https://goo.gl/fbAQLP

exports[`PlayerModeButton Component renders as espected 1`] = `ShallowWrapper {}`;
