// Jest Snapshot v1, https://goo.gl/fbAQLP

exports[`Board Component renders as espected 1`] = `ShallowWrapper {}`;
