// Jest Snapshot v1, https://goo.gl/fbAQLP

exports[`ResetButton Component renders as espected 1`] = `ShallowWrapper {}`;
